lib/integrations/base.ts(2,34): error TS2307: Cannot find module './providers' or its corresponding type declarations.
lib/integrations/github/issues-fetcher.ts(2,30): error TS2307: Cannot find module '../types' or its corresponding type declarations.
lib/integrations/github/issues-fetcher.ts(3,31): error TS2307: Cannot find module '../indexer' or its corresponding type declarations.
lib/integrations/github/prs-fetcher.ts(2,30): error TS2307: Cannot find module '../types' or its corresponding type declarations.
lib/integrations/github/prs-fetcher.ts(3,31): error TS2307: Cannot find module '../indexer' or its corresponding type declarations.
lib/integrations/github/wiki-fetcher.ts(2,30): error TS2307: Cannot find module '../types' or its corresponding type declarations.
lib/integrations/github/wiki-fetcher.ts(3,31): error TS2307: Cannot find module '../indexer' or its corresponding type declarations.
lib/integrations/indexing.ts(1,30): error TS2307: Cannot find module './types' or its corresponding type declarations.
lib/integrations/linear/cycles-fetcher.ts(2,30): error TS2307: Cannot find module '../types' or its corresponding type declarations.
lib/integrations/linear/cycles-fetcher.ts(3,31): error TS2307: Cannot find module '../indexer' or its corresponding type declarations.
lib/integrations/linear/issues-fetcher.ts(2,30): error TS2307: Cannot find module '../types' or its corresponding type declarations.
lib/integrations/linear/issues-fetcher.ts(3,31): error TS2307: Cannot find module '../indexer' or its corresponding type declarations.
lib/integrations/linear/projects-fetcher.ts(2,30): error TS2307: Cannot find module '../types' or its corresponding type declarations.
lib/integrations/linear/projects-fetcher.ts(3,31): error TS2307: Cannot find module '../indexer' or its corresponding type declarations.
lib/langgraph/tools/live-doc-fetch.ts(3,29): error TS2307: Cannot find module '../../integrations' or its corresponding type declarations.
lib/langgraph/tools/live-doc-fetch.ts(4,30): error TS2306: File 'C:/Users/AHAON/Documents/athene-app/lib/langgraph/tools/registry.ts' is not a module.
lib/langgraph/tools/live-doc-fetch.ts(29,40): error TS7006: Parameter 'c' implicitly has an 'any' type.
lib/langgraph/tools/live-search.ts(3,29): error TS2307: Cannot find module '../../integrations' or its corresponding type declarations.
lib/langgraph/tools/live-search.ts(4,30): error TS2306: File 'C:/Users/AHAON/Documents/athene-app/lib/langgraph/tools/registry.ts' is not a module.
lib/langgraph/tools/live-search.ts(30,41): error TS7006: Parameter 'r' implicitly has an 'any' type.
